Command line invocation:
    /Applications/Xcode.app/Contents/Developer/usr/bin/xcodebuild -project SQLAcademy.xcodeproj -scheme SQLAcademy -destination "platform=iOS Simulator,name=iPhone 17" build

ComputePackagePrebuildTargetDependencyGraph

Prepare packages

CreateBuildRequest

SendProjectDescription

CreateBuildOperation

ComputeTargetDependencyGraph
note: Building targets in dependency order
note: Target dependency graph (1 target)
    Target 'SQLAcademy' in project 'SQLAcademy' (no dependencies)

GatherProvisioningInputs

CreateBuildDescription

ExecuteExternalTool /Applications/Xcode.app/Contents/Developer/Toolchains/XcodeDefault.xctoolchain/usr/bin/clang -v -E -dM -isysroot /Applications/Xcode.app/Contents/Developer/Platforms/iPhoneSimulator.platform/Developer/SDKs/iPhoneSimulator26.2.sdk -x c -c /dev/null

ExecuteExternalTool /Applications/Xcode.app/Contents/Developer/usr/bin/actool --print-asset-tag-combinations --output-format xml1 /Users/arman/Desktop/sqlx/SQLAcademy/Resources/OnboardingAssets.xcassets

ExecuteExternalTool /Applications/Xcode.app/Contents/Developer/usr/bin/actool --version --output-format xml1

ExecuteExternalTool /Applications/Xcode.app/Contents/Developer/Toolchains/XcodeDefault.xctoolchain/usr/bin/swiftc --version

ExecuteExternalTool /Applications/Xcode.app/Contents/Developer/Toolchains/XcodeDefault.xctoolchain/usr/bin/ld -version_details

Build description signature: 11039400f97afe8398f09333af148ddd
Build description path: /Users/arman/Library/Developer/Xcode/DerivedData/SQLAcademy-dynspurrpyjvlafnwofaxgbwagvx/Build/Intermediates.noindex/XCBuildData/11039400f97afe8398f09333af148ddd.xcbuilddata
ClangStatCache /Applications/Xcode.app/Contents/Developer/Toolchains/XcodeDefault.xctoolchain/usr/bin/clang-stat-cache /Applications/Xcode.app/Contents/Developer/Platforms/iPhoneSimulator.platform/Developer/SDKs/iPhoneSimulator26.2.sdk /Users/arman/Library/Developer/Xcode/DerivedData/SDKStatCaches.noindex/iphonesimulator26.2-23C53-7d00a8b37fbd7999ea79df8ebc024bf0.sdkstatcache
    cd /Users/arman/Desktop/sqlx/SQLAcademy.xcodeproj
    /Applications/Xcode.app/Contents/Developer/Toolchains/XcodeDefault.xctoolchain/usr/bin/clang-stat-cache /Applications/Xcode.app/Contents/Developer/Platforms/iPhoneSimulator.platform/Developer/SDKs/iPhoneSimulator26.2.sdk -o /Users/arman/Library/Developer/Xcode/DerivedData/SDKStatCaches.noindex/iphonesimulator26.2-23C53-7d00a8b37fbd7999ea79df8ebc024bf0.sdkstatcache

ProcessProductPackaging /Users/arman/Desktop/sqlx/SQLAcademy/Resources/SQLAcademy.entitlements /Users/arman/Library/Developer/Xcode/DerivedData/SQLAcademy-dynspurrpyjvlafnwofaxgbwagvx/Build/Intermediates.noindex/SQLAcademy.build/Debug-iphonesimulator/SQLAcademy.build/SQLAcademy.app.xcent (in target 'SQLAcademy' from project 'SQLAcademy')
    cd /Users/arman/Desktop/sqlx
    
    Entitlements:
    
    {
}
    
    builtin-productPackagingUtility /Users/arman/Desktop/sqlx/SQLAcademy/Resources/SQLAcademy.entitlements -entitlements -format xml -o /Users/arman/Library/Developer/Xcode/DerivedData/SQLAcademy-dynspurrpyjvlafnwofaxgbwagvx/Build/Intermediates.noindex/SQLAcademy.build/Debug-iphonesimulator/SQLAcademy.build/SQLAcademy.app.xcent

ProcessProductPackaging /Users/arman/Desktop/sqlx/SQLAcademy/Resources/SQLAcademy.entitlements /Users/arman/Library/Developer/Xcode/DerivedData/SQLAcademy-dynspurrpyjvlafnwofaxgbwagvx/Build/Intermediates.noindex/SQLAcademy.build/Debug-iphonesimulator/SQLAcademy.build/SQLAcademy.app-Simulated.xcent (in target 'SQLAcademy' from project 'SQLAcademy')
    cd /Users/arman/Desktop/sqlx
    
    Entitlements:
    
    {
    "application-identifier" = "WZP38B3K36.com.arman.sqlacademy";
    "com.apple.developer.applesignin" =     (
        Default
    );
    "com.apple.developer.ubiquity-kvstore-identifier" = "WZP38B3K36.com.arman.sqlacademy";
}
    
    builtin-productPackagingUtility /Users/arman/Desktop/sqlx/SQLAcademy/Resources/SQLAcademy.entitlements -entitlements -format xml -o /Users/arman/Library/Developer/Xcode/DerivedData/SQLAcademy-dynspurrpyjvlafnwofaxgbwagvx/Build/Intermediates.noindex/SQLAcademy.build/Debug-iphonesimulator/SQLAcademy.build/SQLAcademy.app-Simulated.xcent

ProcessProductPackagingDER /Users/arman/Library/Developer/Xcode/DerivedData/SQLAcademy-dynspurrpyjvlafnwofaxgbwagvx/Build/Intermediates.noindex/SQLAcademy.build/Debug-iphonesimulator/SQLAcademy.build/SQLAcademy.app.xcent /Users/arman/Library/Developer/Xcode/DerivedData/SQLAcademy-dynspurrpyjvlafnwofaxgbwagvx/Build/Intermediates.noindex/SQLAcademy.build/Debug-iphonesimulator/SQLAcademy.build/SQLAcademy.app.xcent.der (in target 'SQLAcademy' from project 'SQLAcademy')
    cd /Users/arman/Desktop/sqlx
    /usr/bin/derq query -f xml -i /Users/arman/Library/Developer/Xcode/DerivedData/SQLAcademy-dynspurrpyjvlafnwofaxgbwagvx/Build/Intermediates.noindex/SQLAcademy.build/Debug-iphonesimulator/SQLAcademy.build/SQLAcademy.app.xcent -o /Users/arman/Library/Developer/Xcode/DerivedData/SQLAcademy-dynspurrpyjvlafnwofaxgbwagvx/Build/Intermediates.noindex/SQLAcademy.build/Debug-iphonesimulator/SQLAcademy.build/SQLAcademy.app.xcent.der --raw

ProcessProductPackagingDER /Users/arman/Library/Developer/Xcode/DerivedData/SQLAcademy-dynspurrpyjvlafnwofaxgbwagvx/Build/Intermediates.noindex/SQLAcademy.build/Debug-iphonesimulator/SQLAcademy.build/SQLAcademy.app-Simulated.xcent /Users/arman/Library/Developer/Xcode/DerivedData/SQLAcademy-dynspurrpyjvlafnwofaxgbwagvx/Build/Intermediates.noindex/SQLAcademy.build/Debug-iphonesimulator/SQLAcademy.build/SQLAcademy.app-Simulated.xcent.der (in target 'SQLAcademy' from project 'SQLAcademy')
    cd /Users/arman/Desktop/sqlx
    /usr/bin/derq query -f xml -i /Users/arman/Library/Developer/Xcode/DerivedData/SQLAcademy-dynspurrpyjvlafnwofaxgbwagvx/Build/Intermediates.noindex/SQLAcademy.build/Debug-iphonesimulator/SQLAcademy.build/SQLAcademy.app-Simulated.xcent -o /Users/arman/Library/Developer/Xcode/DerivedData/SQLAcademy-dynspurrpyjvlafnwofaxgbwagvx/Build/Intermediates.noindex/SQLAcademy.build/Debug-iphonesimulator/SQLAcademy.build/SQLAcademy.app-Simulated.xcent.der --raw

Ld /Users/arman/Library/Developer/Xcode/DerivedData/SQLAcademy-dynspurrpyjvlafnwofaxgbwagvx/Build/Products/Debug-iphonesimulator/SQLAcademy.app/SQLAcademy.debug.dylib normal (in target 'SQLAcademy' from project 'SQLAcademy')
    cd /Users/arman/Desktop/sqlx
    /Applications/Xcode.app/Contents/Developer/Toolchains/XcodeDefault.xctoolchain/usr/bin/clang -Xlinker -reproducible -target arm64-apple-ios17.0-simulator -dynamiclib -isysroot /Applications/Xcode.app/Contents/Developer/Platforms/iPhoneSimulator.platform/Developer/SDKs/iPhoneSimulator26.2.sdk -O0 -L/Users/arman/Library/Developer/Xcode/DerivedData/SQLAcademy-dynspurrpyjvlafnwofaxgbwagvx/Build/Intermediates.noindex/EagerLinkingTBDs/Debug-iphonesimulator -L/Users/arman/Library/Developer/Xcode/DerivedData/SQLAcademy-dynspurrpyjvlafnwofaxgbwagvx/Build/Products/Debug-iphonesimulator -F/Users/arman/Library/Developer/Xcode/DerivedData/SQLAcademy-dynspurrpyjvlafnwofaxgbwagvx/Build/Intermediates.noindex/EagerLinkingTBDs/Debug-iphonesimulator -F/Users/arman/Library/Developer/Xcode/DerivedData/SQLAcademy-dynspurrpyjvlafnwofaxgbwagvx/Build/Products/Debug-iphonesimulator -filelist /Users/arman/Library/Developer/Xcode/DerivedData/SQLAcademy-dynspurrpyjvlafnwofaxgbwagvx/Build/Intermediates.noindex/SQLAcademy.build/Debug-iphonesimulator/SQLAcademy.build/Objects-normal/arm64/SQLAcademy.LinkFileList -install_name @rpath/SQLAcademy.debug.dylib -Xlinker -rpath -Xlinker /usr/lib/swift -Xlinker -rpath -Xlinker @executable_path/Frameworks -dead_strip -Xlinker -object_path_lto -Xlinker /Users/arman/Library/Developer/Xcode/DerivedData/SQLAcademy-dynspurrpyjvlafnwofaxgbwagvx/Build/Intermediates.noindex/SQLAcademy.build/Debug-iphonesimulator/SQLAcademy.build/Objects-normal/arm64/SQLAcademy_lto.o -rdynamic -Xlinker -no_deduplicate -Xlinker -objc_abi_version -Xlinker 2 -Xlinker -dependency_info -Xlinker /Users/arman/Library/Developer/Xcode/DerivedData/SQLAcademy-dynspurrpyjvlafnwofaxgbwagvx/Build/Intermediates.noindex/SQLAcademy.build/Debug-iphonesimulator/SQLAcademy.build/Objects-normal/arm64/SQLAcademy_dependency_info.dat -fobjc-link-runtime -L/Applications/Xcode.app/Contents/Developer/Toolchains/XcodeDefault.xctoolchain/usr/lib/swift/iphonesimulator -L/usr/lib/swift -Xlinker -add_ast_path -Xlinker /Users/arman/Library/Developer/Xcode/DerivedData/SQLAcademy-dynspurrpyjvlafnwofaxgbwagvx/Build/Intermediates.noindex/SQLAcademy.build/Debug-iphonesimulator/SQLAcademy.build/Objects-normal/arm64/SQLAcademy.swiftmodule @/Users/arman/Library/Developer/Xcode/DerivedData/SQLAcademy-dynspurrpyjvlafnwofaxgbwagvx/Build/Intermediates.noindex/SQLAcademy.build/Debug-iphonesimulator/SQLAcademy.build/Objects-normal/arm64/SQLAcademy-linker-args.resp -Xlinker -alias -Xlinker _main -Xlinker ___debug_main_executable_dylib_entry_point -Xlinker -no_adhoc_codesign -o /Users/arman/Library/Developer/Xcode/DerivedData/SQLAcademy-dynspurrpyjvlafnwofaxgbwagvx/Build/Products/Debug-iphonesimulator/SQLAcademy.app/SQLAcademy.debug.dylib

ProcessInfoPlistFile /Users/arman/Library/Developer/Xcode/DerivedData/SQLAcademy-dynspurrpyjvlafnwofaxgbwagvx/Build/Products/Debug-iphonesimulator/SQLAcademy.app/Info.plist /Users/arman/Library/Developer/Xcode/DerivedData/SQLAcademy-dynspurrpyjvlafnwofaxgbwagvx/Build/Intermediates.noindex/SQLAcademy.build/Debug-iphonesimulator/SQLAcademy.build/empty-SQLAcademy.plist (in target 'SQLAcademy' from project 'SQLAcademy')
    cd /Users/arman/Desktop/sqlx
    builtin-infoPlistUtility /Users/arman/Library/Developer/Xcode/DerivedData/SQLAcademy-dynspurrpyjvlafnwofaxgbwagvx/Build/Intermediates.noindex/SQLAcademy.build/Debug-iphonesimulator/SQLAcademy.build/empty-SQLAcademy.plist -producttype com.apple.product-type.application -genpkginfo /Users/arman/Library/Developer/Xcode/DerivedData/SQLAcademy-dynspurrpyjvlafnwofaxgbwagvx/Build/Products/Debug-iphonesimulator/SQLAcademy.app/PkgInfo -expandbuildsettings -format binary -platform iphonesimulator -additionalcontentfile /Users/arman/Library/Developer/Xcode/DerivedData/SQLAcademy-dynspurrpyjvlafnwofaxgbwagvx/Build/Intermediates.noindex/SQLAcademy.build/Debug-iphonesimulator/SQLAcademy.build/assetcatalog_generated_info.plist -o /Users/arman/Library/Developer/Xcode/DerivedData/SQLAcademy-dynspurrpyjvlafnwofaxgbwagvx/Build/Products/Debug-iphonesimulator/SQLAcademy.app/Info.plist

ConstructStubExecutorLinkFileList /Users/arman/Library/Developer/Xcode/DerivedData/SQLAcademy-dynspurrpyjvlafnwofaxgbwagvx/Build/Intermediates.noindex/SQLAcademy.build/Debug-iphonesimulator/SQLAcademy.build/SQLAcademy-ExecutorLinkFileList-normal-arm64.txt (in target 'SQLAcademy' from project 'SQLAcademy')
    cd /Users/arman/Desktop/sqlx
    construct-stub-executor-link-file-list /Users/arman/Library/Developer/Xcode/DerivedData/SQLAcademy-dynspurrpyjvlafnwofaxgbwagvx/Build/Products/Debug-iphonesimulator/SQLAcademy.app/SQLAcademy.debug.dylib /Applications/Xcode.app/Contents/Developer/Platforms/iPhoneSimulator.platform/Developer/usr/lib/libPreviewsJITStubExecutor_no_swift_entry_point.a /Applications/Xcode.app/Contents/Developer/Platforms/iPhoneSimulator.platform/Developer/usr/lib/libPreviewsJITStubExecutor.a --output /Users/arman/Library/Developer/Xcode/DerivedData/SQLAcademy-dynspurrpyjvlafnwofaxgbwagvx/Build/Intermediates.noindex/SQLAcademy.build/Debug-iphonesimulator/SQLAcademy.build/SQLAcademy-ExecutorLinkFileList-normal-arm64.txt
note: Using stub executor library with Swift entry point. (in target 'SQLAcademy' from project 'SQLAcademy')

Ld /Users/arman/Library/Developer/Xcode/DerivedData/SQLAcademy-dynspurrpyjvlafnwofaxgbwagvx/Build/Products/Debug-iphonesimulator/SQLAcademy.app/SQLAcademy normal (in target 'SQLAcademy' from project 'SQLAcademy')
    cd /Users/arman/Desktop/sqlx
    /Applications/Xcode.app/Contents/Developer/Toolchains/XcodeDefault.xctoolchain/usr/bin/clang -Xlinker -reproducible -target arm64-apple-ios17.0-simulator -isysroot /Applications/Xcode.app/Contents/Developer/Platforms/iPhoneSimulator.platform/Developer/SDKs/iPhoneSimulator26.2.sdk -O0 -L/Users/arman/Library/Developer/Xcode/DerivedData/SQLAcademy-dynspurrpyjvlafnwofaxgbwagvx/Build/Products/Debug-iphonesimulator -F/Users/arman/Library/Developer/Xcode/DerivedData/SQLAcademy-dynspurrpyjvlafnwofaxgbwagvx/Build/Products/Debug-iphonesimulator -Xlinker -rpath -Xlinker @executable_path -Xlinker -rpath -Xlinker @executable_path/Frameworks -rdynamic -Xlinker -no_deduplicate -Xlinker -objc_abi_version -Xlinker 2 -e ___debug_blank_executor_main -Xlinker -sectcreate -Xlinker __TEXT -Xlinker __debug_dylib -Xlinker /Users/arman/Library/Developer/Xcode/DerivedData/SQLAcademy-dynspurrpyjvlafnwofaxgbwagvx/Build/Intermediates.noindex/SQLAcademy.build/Debug-iphonesimulator/SQLAcademy.build/SQLAcademy-DebugDylibPath-normal-arm64.txt -Xlinker -sectcreate -Xlinker __TEXT -Xlinker __debug_instlnm -Xlinker /Users/arman/Library/Developer/Xcode/DerivedData/SQLAcademy-dynspurrpyjvlafnwofaxgbwagvx/Build/Intermediates.noindex/SQLAcademy.build/Debug-iphonesimulator/SQLAcademy.build/SQLAcademy-DebugDylibInstallName-normal-arm64.txt -Xlinker -filelist -Xlinker /Users/arman/Library/Developer/Xcode/DerivedData/SQLAcademy-dynspurrpyjvlafnwofaxgbwagvx/Build/Intermediates.noindex/SQLAcademy.build/Debug-iphonesimulator/SQLAcademy.build/SQLAcademy-ExecutorLinkFileList-normal-arm64.txt -Xlinker -sectcreate -Xlinker __TEXT -Xlinker __entitlements -Xlinker /Users/arman/Library/Developer/Xcode/DerivedData/SQLAcademy-dynspurrpyjvlafnwofaxgbwagvx/Build/Intermediates.noindex/SQLAcademy.build/Debug-iphonesimulator/SQLAcademy.build/SQLAcademy.app-Simulated.xcent -Xlinker -sectcreate -Xlinker __TEXT -Xlinker __ents_der -Xlinker /Users/arman/Library/Developer/Xcode/DerivedData/SQLAcademy-dynspurrpyjvlafnwofaxgbwagvx/Build/Intermediates.noindex/SQLAcademy.build/Debug-iphonesimulator/SQLAcademy.build/SQLAcademy.app-Simulated.xcent.der /Users/arman/Library/Developer/Xcode/DerivedData/SQLAcademy-dynspurrpyjvlafnwofaxgbwagvx/Build/Products/Debug-iphonesimulator/SQLAcademy.app/SQLAcademy.debug.dylib -Xlinker -no_adhoc_codesign -o /Users/arman/Library/Developer/Xcode/DerivedData/SQLAcademy-dynspurrpyjvlafnwofaxgbwagvx/Build/Products/Debug-iphonesimulator/SQLAcademy.app/SQLAcademy

CopySwiftLibs /Users/arman/Library/Developer/Xcode/DerivedData/SQLAcademy-dynspurrpyjvlafnwofaxgbwagvx/Build/Products/Debug-iphonesimulator/SQLAcademy.app (in target 'SQLAcademy' from project 'SQLAcademy')
    cd /Users/arman/Desktop/sqlx
    builtin-swiftStdLibTool --copy --verbose --sign - --scan-executable /Users/arman/Library/Developer/Xcode/DerivedData/SQLAcademy-dynspurrpyjvlafnwofaxgbwagvx/Build/Products/Debug-iphonesimulator/SQLAcademy.app/SQLAcademy.debug.dylib --scan-folder /Users/arman/Library/Developer/Xcode/DerivedData/SQLAcademy-dynspurrpyjvlafnwofaxgbwagvx/Build/Products/Debug-iphonesimulator/SQLAcademy.app/Frameworks --scan-folder /Users/arman/Library/Developer/Xcode/DerivedData/SQLAcademy-dynspurrpyjvlafnwofaxgbwagvx/Build/Products/Debug-iphonesimulator/SQLAcademy.app/PlugIns --scan-folder /Users/arman/Library/Developer/Xcode/DerivedData/SQLAcademy-dynspurrpyjvlafnwofaxgbwagvx/Build/Products/Debug-iphonesimulator/SQLAcademy.app/SystemExtensions --scan-folder /Users/arman/Library/Developer/Xcode/DerivedData/SQLAcademy-dynspurrpyjvlafnwofaxgbwagvx/Build/Products/Debug-iphonesimulator/SQLAcademy.app/Extensions --platform iphonesimulator --toolchain /Applications/Xcode.app/Contents/Developer/Toolchains/XcodeDefault.xctoolchain --destination /Users/arman/Library/Developer/Xcode/DerivedData/SQLAcademy-dynspurrpyjvlafnwofaxgbwagvx/Build/Products/Debug-iphonesimulator/SQLAcademy.app/Frameworks --strip-bitcode --strip-bitcode-tool /Applications/Xcode.app/Contents/Developer/Toolchains/XcodeDefault.xctoolchain/usr/bin/bitcode_strip --emit-dependency-info /Users/arman/Library/Developer/Xcode/DerivedData/SQLAcademy-dynspurrpyjvlafnwofaxgbwagvx/Build/Intermediates.noindex/SQLAcademy.build/Debug-iphonesimulator/SQLAcademy.build/SwiftStdLibToolInputDependencies.dep --filter-for-swift-os

ExtractAppIntentsMetadata (in target 'SQLAcademy' from project 'SQLAcademy')
    cd /Users/arman/Desktop/sqlx
    /Applications/Xcode.app/Contents/Developer/Toolchains/XcodeDefault.xctoolchain/usr/bin/appintentsmetadataprocessor --toolchain-dir /Applications/Xcode.app/Contents/Developer/Toolchains/XcodeDefault.xctoolchain --module-name SQLAcademy --sdk-root /Applications/Xcode.app/Contents/Developer/Platforms/iPhoneSimulator.platform/Developer/SDKs/iPhoneSimulator26.2.sdk --xcode-version 17C52 --platform-family iOS --deployment-target 17.0 --bundle-identifier com.arman.sqlacademy --output /Users/arman/Library/Developer/Xcode/DerivedData/SQLAcademy-dynspurrpyjvlafnwofaxgbwagvx/Build/Products/Debug-iphonesimulator/SQLAcademy.app --target-triple arm64-apple-ios17.0-simulator --binary-file /Users/arman/Library/Developer/Xcode/DerivedData/SQLAcademy-dynspurrpyjvlafnwofaxgbwagvx/Build/Products/Debug-iphonesimulator/SQLAcademy.app/SQLAcademy --dependency-file /Users/arman/Library/Developer/Xcode/DerivedData/SQLAcademy-dynspurrpyjvlafnwofaxgbwagvx/Build/Intermediates.noindex/SQLAcademy.build/Debug-iphonesimulator/SQLAcademy.build/Objects-normal/arm64/SQLAcademy_dependency_info.dat --stringsdata-file /Users/arman/Library/Developer/Xcode/DerivedData/SQLAcademy-dynspurrpyjvlafnwofaxgbwagvx/Build/Intermediates.noindex/SQLAcademy.build/Debug-iphonesimulator/SQLAcademy.build/Objects-normal/arm64/ExtractedAppShortcutsMetadata.stringsdata --source-file-list /Users/arman/Library/Developer/Xcode/DerivedData/SQLAcademy-dynspurrpyjvlafnwofaxgbwagvx/Build/Intermediates.noindex/SQLAcademy.build/Debug-iphonesimulator/SQLAcademy.build/Objects-normal/arm64/SQLAcademy.SwiftFileList --metadata-file-list /Users/arman/Library/Developer/Xcode/DerivedData/SQLAcademy-dynspurrpyjvlafnwofaxgbwagvx/Build/Intermediates.noindex/SQLAcademy.build/Debug-iphonesimulator/SQLAcademy.build/SQLAcademy.DependencyMetadataFileList --static-metadata-file-list /Users/arman/Library/Developer/Xcode/DerivedData/SQLAcademy-dynspurrpyjvlafnwofaxgbwagvx/Build/Intermediates.noindex/SQLAcademy.build/Debug-iphonesimulator/SQLAcademy.build/SQLAcademy.DependencyStaticMetadataFileList --swift-const-vals-list /Users/arman/Library/Developer/Xcode/DerivedData/SQLAcademy-dynspurrpyjvlafnwofaxgbwagvx/Build/Intermediates.noindex/SQLAcademy.build/Debug-iphonesimulator/SQLAcademy.build/Objects-normal/arm64/SQLAcademy.SwiftConstValuesFileList --compile-time-extraction --deployment-aware-processing --validate-assistant-intents --no-app-shortcuts-localization
2026-03-18 01:27:48.905 appintentsmetadataprocessor[14255:228275] Starting appintentsmetadataprocessor export
2026-03-18 01:27:48.906 appintentsmetadataprocessor[14255:228275] warning: Metadata extraction skipped. No AppIntents.framework dependency found.

CodeSign /Users/arman/Library/Developer/Xcode/DerivedData/SQLAcademy-dynspurrpyjvlafnwofaxgbwagvx/Build/Products/Debug-iphonesimulator/SQLAcademy.app/SQLAcademy.debug.dylib (in target 'SQLAcademy' from project 'SQLAcademy')
    cd /Users/arman/Desktop/sqlx
    
    Signing Identity:     "Sign to Run Locally"
    
    /usr/bin/codesign --force --sign - --timestamp\=none --generate-entitlement-der /Users/arman/Library/Developer/Xcode/DerivedData/SQLAcademy-dynspurrpyjvlafnwofaxgbwagvx/Build/Products/Debug-iphonesimulator/SQLAcademy.app/SQLAcademy.debug.dylib

CodeSign /Users/arman/Library/Developer/Xcode/DerivedData/SQLAcademy-dynspurrpyjvlafnwofaxgbwagvx/Build/Products/Debug-iphonesimulator/SQLAcademy.app (in target 'SQLAcademy' from project 'SQLAcademy')
    cd /Users/arman/Desktop/sqlx
    
    Signing Identity:     "Sign to Run Locally"
    
    /usr/bin/codesign --force --sign - --entitlements /Users/arman/Library/Developer/Xcode/DerivedData/SQLAcademy-dynspurrpyjvlafnwofaxgbwagvx/Build/Intermediates.noindex/SQLAcademy.build/Debug-iphonesimulator/SQLAcademy.build/SQLAcademy.app.xcent --timestamp\=none --generate-entitlement-der /Users/arman/Library/Developer/Xcode/DerivedData/SQLAcademy-dynspurrpyjvlafnwofaxgbwagvx/Build/Products/Debug-iphonesimulator/SQLAcademy.app

Validate /Users/arman/Library/Developer/Xcode/DerivedData/SQLAcademy-dynspurrpyjvlafnwofaxgbwagvx/Build/Products/Debug-iphonesimulator/SQLAcademy.app (in target 'SQLAcademy' from project 'SQLAcademy')
    cd /Users/arman/Desktop/sqlx
    builtin-validationUtility /Users/arman/Library/Developer/Xcode/DerivedData/SQLAcademy-dynspurrpyjvlafnwofaxgbwagvx/Build/Products/Debug-iphonesimulator/SQLAcademy.app -shallow-bundle -infoplist-subpath Info.plist

** BUILD SUCCEEDED **

